[INFO] Scanning for projects...
[INFO] 
[INFO] ----------------------< com.codeforce:CodeForce >-----------------------
[INFO] Building CodeForce 1.0.0
[INFO]   from pom.xml
[INFO] --------------------------------[ war ]---------------------------------
[INFO] 
[INFO] --- resources:3.3.1:resources (default-resources) @ CodeForce ---
[INFO] Copying 1 resource from src\main\resources to target\classes
[INFO] Copying 0 resource from src\main\resources to target\classes
[INFO] 
[INFO] --- compiler:3.14.0:compile (default-compile) @ CodeForce ---
[INFO] Recompiling the module because of changed source code.
[INFO] Compiling 30 source files with javac [debug parameters release 25] to target\classes
[INFO] ------------------------------------------------------------------------
[INFO] BUILD SUCCESS
[INFO] ------------------------------------------------------------------------
[INFO] Total time:  9.921 s
[INFO] Finished at: 2026-03-24T17:52:39+05:30
[INFO] ------------------------------------------------------------------------
